
> frontend@0.0.0 build
> ng build

[33mÔØ»[39m Building...
[32mÔ£ö[39m Building...
[1mInitial chunk files[22m  [2m | [22m[1mNames[22m        [2m | [22m [1mRaw size[22m[2m | [22m[1mEstimated transfer size[22m
[32mmain-UVP3GTHK.js[39m     [2m | [22m[2mmain[22m         [2m | [22m[36m275.80 kB[39m[2m | [22m               [36m68.63 kB[39m
[32mpolyfills-FFHMD2TL.js[39m[2m | [22m[2mpolyfills[22m    [2m | [22m [36m34.52 kB[39m[2m | [22m               [36m11.28 kB[39m
[32mstyles-5INURTSO.css[39m  [2m | [22m[2mstyles[22m       [2m | [22m  [36m0 bytes[39m[2m | [22m                [36m0 bytes[39m

[1m [22m                    [2m | [22m[1mInitial total[22m[2m | [22m[1m310.32 kB[22m[2m | [22m               [1m79.91 kB[22m

Application bundle generation failed. [2.294 seconds]

npm : 
[1m[33m[33mÔû▓ [43
;33m[[43;30mWARNING[
43;33m][0m [1msrc/ap
p/pages/public/home/ho
me.component.scss 
exceeded maximum 
budget. Budget 2.05 
kB was not met by 
5.35 kB with a total 
of 7.40 kB.[0m
At line:1 char:1
+ npm run build > 
build_output.txt 2>&1
+ ~~~~~~~~~~~~~~~~~~~~
~~~~~~~~~~~~~~~~~
    + CategoryInfo    
          : NotSpeci  
  fied: ([1m[33m   
 [33mÔ...of 7.40 k    
B.[0m:String) []    
, RemoteException
    + FullyQualifiedE 
   rrorId : NativeCo  
  mmandError
 


[33mÔû▓ [43;33m[[43
;30mWARNING[43;33m][
0m [1msrc/app/pages/p
ublic/subscriptions/su
bscriptions.component.
scss exceeded maximum 
budget. Budget 2.05 
kB was not met by 
3.17 kB with a total 
of 5.22 kB.[0m


[33mÔû▓ [43;33m[[43
;30mWARNING[43;33m][
0m [1msrc/app/pages/p
ublic/contact-us/conta
ct-us.component.scss 
exceeded maximum 
budget. Budget 2.05 
kB was not met by 
1.38 kB with a total 
of 3.43 kB.[0m

[39m[22m
[1m[31m[31mX [41;3
1m[[41;97mERROR[41;3
1m][0m [1msrc/app/pa
ges/public/home/home.c
omponent.scss 
exceeded maximum 
budget. Budget 4.10 
kB was not met by 
3.30 kB with a total 
of 7.40 kB.[0m


[31mX [41;31m[[41;9
7mERROR[41;31m][0m 
[1msrc/app/pages/publi
c/subscriptions/subscr
iptions.component.scss
 exceeded maximum 
budget. Budget 4.10 
kB was not met by 
1.13 kB with a total 
of 5.22 kB.[0m

[39m[22m
